<?xml version="1.0" encoding="ISO-8859-1" ?>
<link_info>
   <banner>TI ARM Linker PC v18.1.4.LTS</banner>
   <copyright>Copyright (c) 1996-2018 Texas Instruments Incorporated</copyright>
   <link_time>0x5c73f461</link_time>
   <link_errors>0x0</link_errors>
   <output_file>inc.out</output_file>
   <entry_point>
      <name>_c_int00_noargs</name>
      <address>0x14b1</address>
   </entry_point>
   <input_file_list>
      <input_file id="fl-2">
         <path>.\</path>
         <kind>object</kind>
         <file>ADC14.obj</file>
         <name>ADC14.obj</name>
      </input_file>
      <input_file id="fl-3">
         <path>.\</path>
         <kind>object</kind>
         <file>AP.obj</file>
         <name>AP.obj</name>
      </input_file>
      <input_file id="fl-4">
         <path>.\</path>
         <kind>object</kind>
         <file>Bump.obj</file>
         <name>Bump.obj</name>
      </input_file>
      <input_file id="fl-5">
         <path>.\</path>
         <kind>object</kind>
         <file>Clock.obj</file>
         <name>Clock.obj</name>
      </input_file>
      <input_file id="fl-6">
         <path>.\</path>
         <kind>object</kind>
         <file>CortexM.obj</file>
         <name>CortexM.obj</name>
      </input_file>
      <input_file id="fl-7">
         <path>.\</path>
         <kind>object</kind>
         <file>EUSCIA0.obj</file>
         <name>EUSCIA0.obj</name>
      </input_file>
      <input_file id="fl-8">
         <path>.\</path>
         <kind>object</kind>
         <file>FIFO0.obj</file>
         <name>FIFO0.obj</name>
      </input_file>
      <input_file id="fl-9">
         <path>.\</path>
         <kind>object</kind>
         <file>FlashProgram.obj</file>
         <name>FlashProgram.obj</name>
      </input_file>
      <input_file id="fl-a">
         <path>.\</path>
         <kind>object</kind>
         <file>GPIO.obj</file>
         <name>GPIO.obj</name>
      </input_file>
      <input_file id="fl-b">
         <path>.\</path>
         <kind>object</kind>
         <file>IRDistance.obj</file>
         <name>IRDistance.obj</name>
      </input_file>
      <input_file id="fl-c">
         <path>.\</path>
         <kind>object</kind>
         <file>LPF.obj</file>
         <name>LPF.obj</name>
      </input_file>
      <input_file id="fl-d">
         <path>.\</path>
         <kind>object</kind>
         <file>LaunchPad.obj</file>
         <name>LaunchPad.obj</name>
      </input_file>
      <input_file id="fl-e">
         <path>.\</path>
         <kind>object</kind>
         <file>Motor.obj</file>
         <name>Motor.obj</name>
      </input_file>
      <input_file id="fl-f">
         <path>.\</path>
         <kind>object</kind>
         <file>MotorSimple.obj</file>
         <name>MotorSimple.obj</name>
      </input_file>
      <input_file id="fl-10">
         <path>.\</path>
         <kind>object</kind>
         <file>Nokia5110.obj</file>
         <name>Nokia5110.obj</name>
      </input_file>
      <input_file id="fl-11">
         <path>.\</path>
         <kind>object</kind>
         <file>PWM.obj</file>
         <name>PWM.obj</name>
      </input_file>
      <input_file id="fl-12">
         <path>.\</path>
         <kind>object</kind>
         <file>Reflectance.obj</file>
         <name>Reflectance.obj</name>
      </input_file>
      <input_file id="fl-13">
         <path>.\</path>
         <kind>object</kind>
         <file>SysTick.obj</file>
         <name>SysTick.obj</name>
      </input_file>
      <input_file id="fl-14">
         <path>.\</path>
         <kind>object</kind>
         <file>TA3InputCapture.obj</file>
         <name>TA3InputCapture.obj</name>
      </input_file>
      <input_file id="fl-15">
         <path>.\</path>
         <kind>object</kind>
         <file>TExaS.obj</file>
         <name>TExaS.obj</name>
      </input_file>
      <input_file id="fl-16">
         <path>.\</path>
         <kind>object</kind>
         <file>Tachometer.obj</file>
         <name>Tachometer.obj</name>
      </input_file>
      <input_file id="fl-17">
         <path>.\</path>
         <kind>object</kind>
         <file>TimerA0.obj</file>
         <name>TimerA0.obj</name>
      </input_file>
      <input_file id="fl-18">
         <path>.\</path>
         <kind>object</kind>
         <file>TimerA1.obj</file>
         <name>TimerA1.obj</name>
      </input_file>
      <input_file id="fl-19">
         <path>.\</path>
         <kind>object</kind>
         <file>TimerA2.obj</file>
         <name>TimerA2.obj</name>
      </input_file>
      <input_file id="fl-1a">
         <path>.\</path>
         <kind>object</kind>
         <file>UART0.obj</file>
         <name>UART0.obj</name>
      </input_file>
      <input_file id="fl-1b">
         <path>.\</path>
         <kind>object</kind>
         <file>UART1.obj</file>
         <name>UART1.obj</name>
      </input_file>
      <input_file id="fl-1c">
         <path>.\</path>
         <kind>object</kind>
         <file>Ultrasound.obj</file>
         <name>Ultrasound.obj</name>
      </input_file>
      <input_file id="fl-1d">
         <path>.\</path>
         <kind>object</kind>
         <file>incmain.obj</file>
         <name>incmain.obj</name>
      </input_file>
      <input_file id="fl-1e">
         <path>.\</path>
         <kind>object</kind>
         <file>startup_msp432p401r_ccs.obj</file>
         <name>startup_msp432p401r_ccs.obj</name>
      </input_file>
      <input_file id="fl-1f">
         <path>.\</path>
         <kind>object</kind>
         <file>system_msp432p401r.obj</file>
         <name>system_msp432p401r.obj</name>
      </input_file>
      <input_file id="fl-23">
         <kind>object</kind>
         <file>&lt;internal&gt;</file>
         <name>&lt;internal&gt;</name>
      </input_file>
      <input_file id="fl-d9">
         <path>E:\CCS8.3.0.00009_win32\TI\ccsv8\tools\compiler\ti-cgt-arm_18.1.4.LTS\lib\</path>
         <kind>archive</kind>
         <file>rtsv7M4_T_le_v4SPD16_eabi.lib</file>
         <name>copy_zero_init.c.obj</name>
      </input_file>
      <input_file id="fl-da">
         <path>E:\CCS8.3.0.00009_win32\TI\ccsv8\tools\compiler\ti-cgt-arm_18.1.4.LTS\lib\</path>
         <kind>archive</kind>
         <file>rtsv7M4_T_le_v4SPD16_eabi.lib</file>
         <name>copy_decompress_none.c.obj</name>
      </input_file>
      <input_file id="fl-db">
         <path>E:\CCS8.3.0.00009_win32\TI\ccsv8\tools\compiler\ti-cgt-arm_18.1.4.LTS\lib\</path>
         <kind>archive</kind>
         <file>rtsv7M4_T_le_v4SPD16_eabi.lib</file>
         <name>copy_decompress_lzss.c.obj</name>
      </input_file>
      <input_file id="fl-dc">
         <path>E:\CCS8.3.0.00009_win32\TI\ccsv8\tools\compiler\ti-cgt-arm_18.1.4.LTS\lib\</path>
         <kind>archive</kind>
         <file>rtsv7M4_T_le_v4SPD16_eabi.lib</file>
         <name>boot_cortex_m.c.obj</name>
      </input_file>
      <input_file id="fl-dd">
         <path>E:\CCS8.3.0.00009_win32\TI\ccsv8\tools\compiler\ti-cgt-arm_18.1.4.LTS\lib\</path>
         <kind>archive</kind>
         <file>rtsv7M4_T_le_v4SPD16_eabi.lib</file>
         <name>exit.c.obj</name>
      </input_file>
      <input_file id="fl-de">
         <path>E:\CCS8.3.0.00009_win32\TI\ccsv8\tools\compiler\ti-cgt-arm_18.1.4.LTS\lib\</path>
         <kind>archive</kind>
         <file>rtsv7M4_T_le_v4SPD16_eabi.lib</file>
         <name>_lock.c.obj</name>
      </input_file>
      <input_file id="fl-df">
         <path>E:\CCS8.3.0.00009_win32\TI\ccsv8\tools\compiler\ti-cgt-arm_18.1.4.LTS\lib\</path>
         <kind>archive</kind>
         <file>rtsv7M4_T_le_v4SPD16_eabi.lib</file>
         <name>add_device.c.obj</name>
      </input_file>
      <input_file id="fl-e0">
         <path>E:\CCS8.3.0.00009_win32\TI\ccsv8\tools\compiler\ti-cgt-arm_18.1.4.LTS\lib\</path>
         <kind>archive</kind>
         <file>rtsv7M4_T_le_v4SPD16_eabi.lib</file>
         <name>args_main.c.obj</name>
      </input_file>
      <input_file id="fl-e1">
         <path>E:\CCS8.3.0.00009_win32\TI\ccsv8\tools\compiler\ti-cgt-arm_18.1.4.LTS\lib\</path>
         <kind>archive</kind>
         <file>rtsv7M4_T_le_v4SPD16_eabi.lib</file>
         <name>defs.c.obj</name>
      </input_file>
      <input_file id="fl-e2">
         <path>E:\CCS8.3.0.00009_win32\TI\ccsv8\tools\compiler\ti-cgt-arm_18.1.4.LTS\lib\</path>
         <kind>archive</kind>
         <file>rtsv7M4_T_le_v4SPD16_eabi.lib</file>
         <name>fopen.c.obj</name>
      </input_file>
      <input_file id="fl-e3">
         <path>E:\CCS8.3.0.00009_win32\TI\ccsv8\tools\compiler\ti-cgt-arm_18.1.4.LTS\lib\</path>
         <kind>archive</kind>
         <file>rtsv7M4_T_le_v4SPD16_eabi.lib</file>
         <name>getdevice.c.obj</name>
      </input_file>
      <input_file id="fl-e4">
         <path>E:\CCS8.3.0.00009_win32\TI\ccsv8\tools\compiler\ti-cgt-arm_18.1.4.LTS\lib\</path>
         <kind>archive</kind>
         <file>rtsv7M4_T_le_v4SPD16_eabi.lib</file>
         <name>open.c.obj</name>
      </input_file>
      <input_file id="fl-e5">
         <path>E:\CCS8.3.0.00009_win32\TI\ccsv8\tools\compiler\ti-cgt-arm_18.1.4.LTS\lib\</path>
         <kind>archive</kind>
         <file>rtsv7M4_T_le_v4SPD16_eabi.lib</file>
         <name>setvbuf.c.obj</name>
      </input_file>
      <input_file id="fl-e6">
         <path>E:\CCS8.3.0.00009_win32\TI\ccsv8\tools\compiler\ti-cgt-arm_18.1.4.LTS\lib\</path>
         <kind>archive</kind>
         <file>rtsv7M4_T_le_v4SPD16_eabi.lib</file>
         <name>strchr.c.obj</name>
      </input_file>
      <input_file id="fl-e7">
         <path>E:\CCS8.3.0.00009_win32\TI\ccsv8\tools\compiler\ti-cgt-arm_18.1.4.LTS\lib\</path>
         <kind>archive</kind>
         <file>rtsv7M4_T_le_v4SPD16_eabi.lib</file>
         <name>strcmp.c.obj</name>
      </input_file>
      <input_file id="fl-e8">
         <path>E:\CCS8.3.0.00009_win32\TI\ccsv8\tools\compiler\ti-cgt-arm_18.1.4.LTS\lib\</path>
         <kind>archive</kind>
         <file>rtsv7M4_T_le_v4SPD16_eabi.lib</file>
         <name>strncpy.c.obj</name>
      </input_file>
      <input_file id="fl-e9">
         <path>E:\CCS8.3.0.00009_win32\TI\ccsv8\tools\compiler\ti-cgt-arm_18.1.4.LTS\lib\</path>
         <kind>archive</kind>
         <file>rtsv7M4_T_le_v4SPD16_eabi.lib</file>
         <name>write.c.obj</name>
      </input_file>
      <input_file id="fl-ea">
         <path>E:\CCS8.3.0.00009_win32\TI\ccsv8\tools\compiler\ti-cgt-arm_18.1.4.LTS\lib\</path>
         <kind>archive</kind>
         <file>rtsv7M4_T_le_v4SPD16_eabi.lib</file>
         <name>memcpy_t2.asm.obj</name>
      </input_file>
      <input_file id="fl-eb">
         <path>E:\CCS8.3.0.00009_win32\TI\ccsv8\tools\compiler\ti-cgt-arm_18.1.4.LTS\lib\</path>
         <kind>archive</kind>
         <file>rtsv7M4_T_le_v4SPD16_eabi.lib</file>
         <name>memset_t2.asm.obj</name>
      </input_file>
      <input_file id="fl-ec">
         <path>E:\CCS8.3.0.00009_win32\TI\ccsv8\tools\compiler\ti-cgt-arm_18.1.4.LTS\lib\</path>
         <kind>archive</kind>
         <file>rtsv7M4_T_le_v4SPD16_eabi.lib</file>
         <name>autoinit.c.obj</name>
      </input_file>
      <input_file id="fl-ed">
         <path>E:\CCS8.3.0.00009_win32\TI\ccsv8\tools\compiler\ti-cgt-arm_18.1.4.LTS\lib\</path>
         <kind>archive</kind>
         <file>rtsv7M4_T_le_v4SPD16_eabi.lib</file>
         <name>pre_init.c.obj</name>
      </input_file>
      <input_file id="fl-ee">
         <path>E:\CCS8.3.0.00009_win32\TI\ccsv8\tools\compiler\ti-cgt-arm_18.1.4.LTS\lib\</path>
         <kind>archive</kind>
         <file>rtsv7M4_T_le_v4SPD16_eabi.lib</file>
         <name>cpy_tbl.c.obj</name>
      </input_file>
      <input_file id="fl-ef">
         <path>E:\CCS8.3.0.00009_win32\TI\ccsv8\tools\compiler\ti-cgt-arm_18.1.4.LTS\lib\</path>
         <kind>archive</kind>
         <file>rtsv7M4_T_le_v4SPD16_eabi.lib</file>
         <name>memory.c.obj</name>
      </input_file>
      <input_file id="fl-f0">
         <path>E:\CCS8.3.0.00009_win32\TI\ccsv8\tools\compiler\ti-cgt-arm_18.1.4.LTS\lib\</path>
         <kind>archive</kind>
         <file>rtsv7M4_T_le_v4SPD16_eabi.lib</file>
         <name>fclose.c.obj</name>
      </input_file>
      <input_file id="fl-f1">
         <path>E:\CCS8.3.0.00009_win32\TI\ccsv8\tools\compiler\ti-cgt-arm_18.1.4.LTS\lib\</path>
         <kind>archive</kind>
         <file>rtsv7M4_T_le_v4SPD16_eabi.lib</file>
         <name>fflush.c.obj</name>
      </input_file>
      <input_file id="fl-f2">
         <path>E:\CCS8.3.0.00009_win32\TI\ccsv8\tools\compiler\ti-cgt-arm_18.1.4.LTS\lib\</path>
         <kind>archive</kind>
         <file>rtsv7M4_T_le_v4SPD16_eabi.lib</file>
         <name>remove.c.obj</name>
      </input_file>
      <input_file id="fl-f3">
         <path>E:\CCS8.3.0.00009_win32\TI\ccsv8\tools\compiler\ti-cgt-arm_18.1.4.LTS\lib\</path>
         <kind>archive</kind>
         <file>rtsv7M4_T_le_v4SPD16_eabi.lib</file>
         <name>hostclose.c.obj</name>
      </input_file>
      <input_file id="fl-f4">
         <path>E:\CCS8.3.0.00009_win32\TI\ccsv8\tools\compiler\ti-cgt-arm_18.1.4.LTS\lib\</path>
         <kind>archive</kind>
         <file>rtsv7M4_T_le_v4SPD16_eabi.lib</file>
         <name>hostlseek.c.obj</name>
      </input_file>
      <input_file id="fl-f5">
         <path>E:\CCS8.3.0.00009_win32\TI\ccsv8\tools\compiler\ti-cgt-arm_18.1.4.LTS\lib\</path>
         <kind>archive</kind>
         <file>rtsv7M4_T_le_v4SPD16_eabi.lib</file>
         <name>hostopen.c.obj</name>
      </input_file>
      <input_file id="fl-f6">
         <path>E:\CCS8.3.0.00009_win32\TI\ccsv8\tools\compiler\ti-cgt-arm_18.1.4.LTS\lib\</path>
         <kind>archive</kind>
         <file>rtsv7M4_T_le_v4SPD16_eabi.lib</file>
         <name>hostread.c.obj</name>
      </input_file>
      <input_file id="fl-f7">
         <path>E:\CCS8.3.0.00009_win32\TI\ccsv8\tools\compiler\ti-cgt-arm_18.1.4.LTS\lib\</path>
         <kind>archive</kind>
         <file>rtsv7M4_T_le_v4SPD16_eabi.lib</file>
         <name>hostrename.c.obj</name>
      </input_file>
      <input_file id="fl-f8">
         <path>E:\CCS8.3.0.00009_win32\TI\ccsv8\tools\compiler\ti-cgt-arm_18.1.4.LTS\lib\</path>
         <kind>archive</kind>
         <file>rtsv7M4_T_le_v4SPD16_eabi.lib</file>
         <name>hostunlink.c.obj</name>
      </input_file>
      <input_file id="fl-f9">
         <path>E:\CCS8.3.0.00009_win32\TI\ccsv8\tools\compiler\ti-cgt-arm_18.1.4.LTS\lib\</path>
         <kind>archive</kind>
         <file>rtsv7M4_T_le_v4SPD16_eabi.lib</file>
         <name>hostwrite.c.obj</name>
      </input_file>
      <input_file id="fl-fa">
         <path>E:\CCS8.3.0.00009_win32\TI\ccsv8\tools\compiler\ti-cgt-arm_18.1.4.LTS\lib\</path>
         <kind>archive</kind>
         <file>rtsv7M4_T_le_v4SPD16_eabi.lib</file>
         <name>trgmsg.c.obj</name>
      </input_file>
      <input_file id="fl-fb">
         <path>E:\CCS8.3.0.00009_win32\TI\ccsv8\tools\compiler\ti-cgt-arm_18.1.4.LTS\lib\</path>
         <kind>archive</kind>
         <file>rtsv7M4_T_le_v4SPD16_eabi.lib</file>
         <name>unlink.c.obj</name>
      </input_file>
      <input_file id="fl-fc">
         <path>E:\CCS8.3.0.00009_win32\TI\ccsv8\tools\compiler\ti-cgt-arm_18.1.4.LTS\lib\</path>
         <kind>archive</kind>
         <file>rtsv7M4_T_le_v4SPD16_eabi.lib</file>
         <name>close.c.obj</name>
      </input_file>
      <input_file id="fl-fd">
         <path>E:\CCS8.3.0.00009_win32\TI\ccsv8\tools\compiler\ti-cgt-arm_18.1.4.LTS\lib\</path>
         <kind>archive</kind>
         <file>rtsv7M4_T_le_v4SPD16_eabi.lib</file>
         <name>strcpy.c.obj</name>
      </input_file>
      <input_file id="fl-fe">
         <path>E:\CCS8.3.0.00009_win32\TI\ccsv8\tools\compiler\ti-cgt-arm_18.1.4.LTS\lib\</path>
         <kind>archive</kind>
         <file>rtsv7M4_T_le_v4SPD16_eabi.lib</file>
         <name>strlen.c.obj</name>
      </input_file>
   </input_file_list>
   <object_component_list>
      <object_component id="oc-23">
         <name>.intvecs:retain</name>
         <load_address>0x0</load_address>
         <run_address>0x0</run_address>
         <size>0xe4</size>
         <input_file_ref idref="fl-1e"/>
      </object_component>
      <object_component id="oc-91">
         <name>.text</name>
         <load_address>0xe4</load_address>
         <run_address>0xe4</run_address>
         <size>0x630</size>
         <input_file_ref idref="fl-15"/>
      </object_component>
      <object_component id="oc-85">
         <name>.text</name>
         <load_address>0x714</load_address>
         <run_address>0x714</run_address>
         <size>0x5b6</size>
         <input_file_ref idref="fl-7"/>
      </object_component>
      <object_component id="oc-c1">
         <name>.text</name>
         <load_address>0xcca</load_address>
         <run_address>0xcca</run_address>
         <size>0x2</size>
         <input_file_ref idref="fl-1d"/>
      </object_component>
      <object_component id="oc-d3">
         <name>.text</name>
         <load_address>0xccc</load_address>
         <run_address>0xccc</run_address>
         <size>0x32c</size>
         <input_file_ref idref="fl-1f"/>
      </object_component>
      <object_component id="oc-8b">
         <name>.text</name>
         <load_address>0xff8</load_address>
         <run_address>0xff8</run_address>
         <size>0x1a4</size>
         <input_file_ref idref="fl-1b"/>
      </object_component>
      <object_component id="oc-6d">
         <name>.text</name>
         <load_address>0x119c</load_address>
         <run_address>0x119c</run_address>
         <size>0xac</size>
         <input_file_ref idref="fl-17"/>
      </object_component>
      <object_component id="oc-79">
         <name>.text</name>
         <load_address>0x1248</load_address>
         <run_address>0x1248</run_address>
         <size>0xa8</size>
         <input_file_ref idref="fl-19"/>
      </object_component>
      <object_component id="oc-37">
         <name>.text</name>
         <load_address>0x12f0</load_address>
         <run_address>0x12f0</run_address>
         <size>0x9c</size>
         <input_file_ref idref="fl-ea"/>
      </object_component>
      <object_component id="oc-ec">
         <name>.text</name>
         <load_address>0x138c</load_address>
         <run_address>0x138c</run_address>
         <size>0x78</size>
         <input_file_ref idref="fl-8"/>
      </object_component>
      <object_component id="oc-14">
         <name>.text:decompress:lzss:__TI_decompress_lzss</name>
         <load_address>0x1404</load_address>
         <run_address>0x1404</run_address>
         <size>0x68</size>
         <input_file_ref idref="fl-db"/>
      </object_component>
      <object_component id="oc-13b">
         <name>.text:__TI_auto_init_nobinit_nopinit:__TI_auto_init_nobinit_nopinit</name>
         <load_address>0x146c</load_address>
         <run_address>0x146c</run_address>
         <size>0x44</size>
         <input_file_ref idref="fl-ec"/>
      </object_component>
      <object_component id="oc-55">
         <name>.text:_c_int00_noargs:_c_int00_noargs</name>
         <load_address>0x14b0</load_address>
         <run_address>0x14b0</run_address>
         <size>0x38</size>
         <input_file_ref idref="fl-dc"/>
      </object_component>
      <object_component id="oc-7f">
         <name>.text</name>
         <load_address>0x14e8</load_address>
         <run_address>0x14e8</run_address>
         <size>0x1c</size>
         <input_file_ref idref="fl-14"/>
      </object_component>
      <object_component id="oc-73">
         <name>.text</name>
         <load_address>0x1504</load_address>
         <run_address>0x1504</run_address>
         <size>0x12</size>
         <input_file_ref idref="fl-18"/>
      </object_component>
      <object_component id="oc-43">
         <name>.text:decompress:ZI:__TI_zero_init_nomemset:__TI_zero_init_nomemset</name>
         <load_address>0x1516</load_address>
         <run_address>0x1516</run_address>
         <size>0x12</size>
         <input_file_ref idref="fl-d9"/>
      </object_component>
      <object_component id="oc-1a">
         <name>.text:decompress:none:__TI_decompress_none</name>
         <load_address>0x1528</load_address>
         <run_address>0x1528</run_address>
         <size>0xe</size>
         <input_file_ref idref="fl-da"/>
      </object_component>
      <object_component id="oc-67">
         <name>.text</name>
         <load_address>0x1536</load_address>
         <run_address>0x1536</run_address>
         <size>0xe</size>
         <input_file_ref idref="fl-1e"/>
      </object_component>
      <object_component id="oc-bb">
         <name>.text:_system_pre_init</name>
         <load_address>0x1544</load_address>
         <run_address>0x1544</run_address>
         <size>0x4</size>
         <input_file_ref idref="fl-ed"/>
      </object_component>
      <object_component id="oc-12f">
         <name>.text:abort:abort</name>
         <load_address>0x1548</load_address>
         <run_address>0x1548</run_address>
         <size>0x4</size>
         <input_file_ref idref="fl-dd"/>
      </object_component>
      <object_component id="oc-218">
         <name>__TI_handler_table</name>
         <load_address>0x1550</load_address>
         <run_address>0x1550</run_address>
         <size>0xc</size>
      </object_component>
      <object_component id="oc-21a">
         <name>.cinit..data.load</name>
         <load_address>0x155c</load_address>
         <run_address>0x155c</run_address>
         <size>0xb</size>
      </object_component>
      <object_component id="oc-21b">
         <name>.cinit..bss.load</name>
         <load_address>0x1568</load_address>
         <run_address>0x1568</run_address>
         <size>0x8</size>
      </object_component>
      <object_component id="oc-219">
         <name>__TI_cinit_table</name>
         <load_address>0x1570</load_address>
         <run_address>0x1570</run_address>
         <size>0x10</size>
      </object_component>
      <object_component id="oc-1ed">
         <name>.binit</name>
         <load_address>0x0</load_address>
         <run_address>0x0</run_address>
         <size>0x0</size>
      </object_component>
      <object_component id="oc-101">
         <name>.data</name>
         <load_address>0x20000628</load_address>
         <run_address>0x20000628</run_address>
         <size>0xc</size>
         <input_file_ref idref="fl-15"/>
      </object_component>
      <object_component id="oc-16d">
         <name>.data</name>
         <load_address>0x20000634</load_address>
         <run_address>0x20000634</run_address>
         <size>0x4</size>
         <input_file_ref idref="fl-1f"/>
      </object_component>
      <object_component id="oc-f5">
         <name>.common:Messageindexc</name>
         <uninitialized>true</uninitialized>
         <run_address>0x20000608</run_address>
         <size>0x4</size>
      </object_component>
      <object_component id="oc-f2">
         <name>.common:Messagec</name>
         <uninitialized>true</uninitialized>
         <run_address>0x20000600</run_address>
         <size>0x8</size>
      </object_component>
      <object_component id="oc-188">
         <name>.common:TxHistogram</name>
         <uninitialized>true</uninitialized>
         <run_address>0x20000500</run_address>
         <size>0x100</size>
      </object_component>
      <object_component id="oc-fe">
         <name>.common:LogicData</name>
         <uninitialized>true</uninitialized>
         <run_address>0x20000624</run_address>
         <size>0x1</size>
      </object_component>
      <object_component id="oc-104">
         <name>.common:PeriodicTask2</name>
         <uninitialized>true</uninitialized>
         <run_address>0x2000060c</run_address>
         <size>0x4</size>
      </object_component>
      <object_component id="oc-da">
         <name>.common:TimerA0Task</name>
         <uninitialized>true</uninitialized>
         <run_address>0x2000061c</run_address>
         <size>0x4</size>
      </object_component>
      <object_component id="oc-e6">
         <name>.common:TimerA2Task</name>
         <uninitialized>true</uninitialized>
         <run_address>0x20000620</run_address>
         <size>0x4</size>
      </object_component>
      <object_component id="oc-f7">
         <name>.common:RxPutI</name>
         <uninitialized>true</uninitialized>
         <run_address>0x20000618</run_address>
         <size>0x4</size>
      </object_component>
      <object_component id="oc-fa">
         <name>.common:RxGetI</name>
         <uninitialized>true</uninitialized>
         <run_address>0x20000614</run_address>
         <size>0x4</size>
      </object_component>
      <object_component id="oc-fb">
         <name>.common:RxFifoLost</name>
         <uninitialized>true</uninitialized>
         <run_address>0x20000610</run_address>
         <size>0x4</size>
      </object_component>
      <object_component id="oc-fc">
         <name>.common:RxFIFO</name>
         <uninitialized>true</uninitialized>
         <run_address>0x20000400</run_address>
         <size>0x100</size>
      </object_component>
      <object_component id="oc-29">
         <name>.sysmem</name>
         <uninitialized>true</uninitialized>
         <run_address>0x20000000</run_address>
         <size>0x8</size>
         <input_file_ref idref="fl-ef"/>
      </object_component>
      <object_component id="oc-21d">
         <name>.sysmem</name>
         <uninitialized>true</uninitialized>
         <run_address>0x20000000</run_address>
         <size>0x0</size>
      </object_component>
      <object_component id="oc-26">
         <name>.stack</name>
         <uninitialized>true</uninitialized>
         <run_address>0x2000fe00</run_address>
         <size>0x4</size>
         <input_file_ref idref="fl-dc"/>
      </object_component>
      <object_component id="oc-21c">
         <name>.stack</name>
         <uninitialized>true</uninitialized>
         <run_address>0x2000fe00</run_address>
         <size>0x0</size>
      </object_component>
      <object_component id="oc-194">
         <name>.debug_info</name>
         <load_address>0x0</load_address>
         <run_address>0x0</run_address>
         <size>0x54e</size>
         <input_file_ref idref="fl-2"/>
      </object_component>
      <object_component id="oc-173">
         <name>.debug_info</name>
         <load_address>0x54e</load_address>
         <run_address>0x54e</run_address>
         <size>0x37e2</size>
         <input_file_ref idref="fl-2"/>
      </object_component>
      <object_component id="oc-10d">
         <name>.debug_info</name>
         <load_address>0x3d30</load_address>
         <run_address>0x3d30</run_address>
         <size>0x26b</size>
         <input_file_ref idref="fl-2"/>
      </object_component>
      <object_component id="oc-178">
         <name>.debug_info</name>
         <load_address>0x3f9b</load_address>
         <run_address>0x3f9b</run_address>
         <size>0x1055</size>
         <input_file_ref idref="fl-2"/>
      </object_component>
      <object_component id="oc-32">
         <name>.debug_info</name>
         <load_address>0x4ff0</load_address>
         <run_address>0x4ff0</run_address>
         <size>0x84</size>
         <input_file_ref idref="fl-2"/>
      </object_component>
      <object_component id="oc-17d">
         <name>.debug_info</name>
         <load_address>0x5074</load_address>
         <run_address>0x5074</run_address>
         <size>0x297</size>
         <input_file_ref idref="fl-2"/>
      </object_component>
      <object_component id="oc-de">
         <name>.debug_info</name>
         <load_address>0x530b</load_address>
         <run_address>0x530b</run_address>
         <size>0xbb</size>
         <input_file_ref idref="fl-2"/>
      </object_component>
      <object_component id="oc-f3">
         <name>.debug_info</name>
         <load_address>0x53c6</load_address>
         <run_address>0x53c6</run_address>
         <size>0x69a</size>
         <input_file_ref idref="fl-7"/>
      </object_component>
      <object_component id="oc-86">
         <name>.debug_info</name>
         <load_address>0x5a60</load_address>
         <run_address>0x5a60</run_address>
         <size>0xdd5</size>
         <input_file_ref idref="fl-7"/>
      </object_component>
      <object_component id="oc-189">
         <name>.debug_info</name>
         <load_address>0x6835</load_address>
         <run_address>0x6835</run_address>
         <size>0x2b8</size>
         <input_file_ref idref="fl-8"/>
      </object_component>
      <object_component id="oc-ed">
         <name>.debug_info</name>
         <load_address>0x6aed</load_address>
         <run_address>0x6aed</run_address>
         <size>0x40b</size>
         <input_file_ref idref="fl-8"/>
      </object_component>
      <object_component id="oc-eb">
         <name>.debug_info</name>
         <load_address>0x6ef8</load_address>
         <run_address>0x6ef8</run_address>
         <size>0x564</size>
         <input_file_ref idref="fl-14"/>
      </object_component>
      <object_component id="oc-80">
         <name>.debug_info</name>
         <load_address>0x745c</load_address>
         <run_address>0x745c</run_address>
         <size>0x2e1</size>
         <input_file_ref idref="fl-14"/>
      </object_component>
      <object_component id="oc-ff">
         <name>.debug_info</name>
         <load_address>0x773d</load_address>
         <run_address>0x773d</run_address>
         <size>0x5a3</size>
         <input_file_ref idref="fl-15"/>
      </object_component>
      <object_component id="oc-102">
         <name>.debug_info</name>
         <load_address>0x7ce0</load_address>
         <run_address>0x7ce0</run_address>
         <size>0x187</size>
         <input_file_ref idref="fl-15"/>
      </object_component>
      <object_component id="oc-93">
         <name>.debug_info</name>
         <load_address>0x7e67</load_address>
         <run_address>0x7e67</run_address>
         <size>0x120c</size>
         <input_file_ref idref="fl-15"/>
      </object_component>
      <object_component id="oc-106">
         <name>.debug_info</name>
         <load_address>0x9073</load_address>
         <run_address>0x9073</run_address>
         <size>0xb4</size>
         <input_file_ref idref="fl-15"/>
      </object_component>
      <object_component id="oc-db">
         <name>.debug_info</name>
         <load_address>0x9127</load_address>
         <run_address>0x9127</run_address>
         <size>0x579</size>
         <input_file_ref idref="fl-17"/>
      </object_component>
      <object_component id="oc-6f">
         <name>.debug_info</name>
         <load_address>0x96a0</load_address>
         <run_address>0x96a0</run_address>
         <size>0x22a</size>
         <input_file_ref idref="fl-17"/>
      </object_component>
      <object_component id="oc-e4">
         <name>.debug_info</name>
         <load_address>0x98ca</load_address>
         <run_address>0x98ca</run_address>
         <size>0x579</size>
         <input_file_ref idref="fl-18"/>
      </object_component>
      <object_component id="oc-74">
         <name>.debug_info</name>
         <load_address>0x9e43</load_address>
         <run_address>0x9e43</run_address>
         <size>0x223</size>
         <input_file_ref idref="fl-18"/>
      </object_component>
      <object_component id="oc-e7">
         <name>.debug_info</name>
         <load_address>0xa066</load_address>
         <run_address>0xa066</run_address>
         <size>0x579</size>
         <input_file_ref idref="fl-19"/>
      </object_component>
      <object_component id="oc-7a">
         <name>.debug_info</name>
         <load_address>0xa5df</load_address>
         <run_address>0xa5df</run_address>
         <size>0x22a</size>
         <input_file_ref idref="fl-19"/>
      </object_component>
      <object_component id="oc-f8">
         <name>.debug_info</name>
         <load_address>0xa809</load_address>
         <run_address>0xa809</run_address>
         <size>0x5d9</size>
         <input_file_ref idref="fl-1b"/>
      </object_component>
      <object_component id="oc-8c">
         <name>.debug_info</name>
         <load_address>0xade2</load_address>
         <run_address>0xade2</run_address>
         <size>0x4ea</size>
         <input_file_ref idref="fl-1b"/>
      </object_component>
      <object_component id="oc-c2">
         <name>.debug_info</name>
         <load_address>0xb2cc</load_address>
         <run_address>0xb2cc</run_address>
         <size>0x11b</size>
         <input_file_ref idref="fl-1d"/>
      </object_component>
      <object_component id="oc-99">
         <name>.debug_info</name>
         <load_address>0xb3e7</load_address>
         <run_address>0xb3e7</run_address>
         <size>0x2e7</size>
         <input_file_ref idref="fl-1e"/>
      </object_component>
      <object_component id="oc-24">
         <name>.debug_info</name>
         <load_address>0xb6ce</load_address>
         <run_address>0xb6ce</run_address>
         <size>0x113</size>
         <input_file_ref idref="fl-1e"/>
      </object_component>
      <object_component id="oc-68">
         <name>.debug_info</name>
         <load_address>0xb7e1</load_address>
         <run_address>0xb7e1</run_address>
         <size>0x1da</size>
         <input_file_ref idref="fl-1e"/>
      </object_component>
      <object_component id="oc-16e">
         <name>.debug_info</name>
         <load_address>0xb9bb</load_address>
         <run_address>0xb9bb</run_address>
         <size>0x10c</size>
         <input_file_ref idref="fl-1f"/>
      </object_component>
      <object_component id="oc-d4">
         <name>.debug_info</name>
         <load_address>0xbac7</load_address>
         <run_address>0xbac7</run_address>
         <size>0x27e</size>
         <input_file_ref idref="fl-1f"/>
      </object_component>
      <object_component id="oc-b4">
         <name>.debug_info</name>
         <load_address>0xbd45</load_address>
         <run_address>0xbd45</run_address>
         <size>0x31e</size>
         <input_file_ref idref="fl-d9"/>
      </object_component>
      <object_component id="oc-45">
         <name>.debug_info</name>
         <load_address>0xc063</load_address>
         <run_address>0xc063</run_address>
         <size>0x1bf</size>
         <input_file_ref idref="fl-d9"/>
      </object_component>
      <object_component id="oc-af">
         <name>.debug_info</name>
         <load_address>0xc222</load_address>
         <run_address>0xc222</run_address>
         <size>0x46</size>
         <input_file_ref idref="fl-d9"/>
      </object_component>
      <object_component id="oc-125">
         <name>.debug_info</name>
         <load_address>0xc268</load_address>
         <run_address>0xc268</run_address>
         <size>0x2c</size>
         <input_file_ref idref="fl-d9"/>
      </object_component>
      <object_component id="oc-42">
         <name>.debug_info</name>
         <load_address>0xc294</load_address>
         <run_address>0xc294</run_address>
         <size>0x2a8</size>
         <input_file_ref idref="fl-da"/>
      </object_component>
      <object_component id="oc-1b">
         <name>.debug_info</name>
         <load_address>0xc53c</load_address>
         <run_address>0xc53c</run_address>
         <size>0x1ea</size>
         <input_file_ref idref="fl-da"/>
      </object_component>
      <object_component id="oc-3d">
         <name>.debug_info</name>
         <load_address>0xc726</load_address>
         <run_address>0xc726</run_address>
         <size>0x46</size>
         <input_file_ref idref="fl-da"/>
      </object_component>
      <object_component id="oc-a7">
         <name>.debug_info</name>
         <load_address>0xc76c</load_address>
         <run_address>0xc76c</run_address>
         <size>0x2c</size>
         <input_file_ref idref="fl-da"/>
      </object_component>
      <object_component id="oc-a5">
         <name>.debug_info</name>
         <load_address>0xc798</load_address>
         <run_address>0xc798</run_address>
         <size>0x29e</size>
         <input_file_ref idref="fl-db"/>
      </object_component>
      <object_component id="oc-15">
         <name>.debug_info</name>
         <load_address>0xca36</load_address>
         <run_address>0xca36</run_address>
         <size>0x250</size>
         <input_file_ref idref="fl-db"/>
      </object_component>
      <object_component id="oc-2d">
         <name>.debug_info</name>
         <load_address>0xcc86</load_address>
         <run_address>0xcc86</run_address>
         <size>0x60</size>
         <input_file_ref idref="fl-db"/>
      </object_component>
      <object_component id="oc-11e">
         <name>.debug_info</name>
         <load_address>0xcce6</load_address>
         <run_address>0xcce6</run_address>
         <size>0x46</size>
         <input_file_ref idref="fl-db"/>
      </object_component>
      <object_component id="oc-a0">
         <name>.debug_info</name>
         <load_address>0xcd2c</load_address>
         <run_address>0xcd2c</run_address>
         <size>0x39</size>
         <input_file_ref idref="fl-db"/>
      </object_component>
      <object_component id="oc-27">
         <name>.debug_info</name>
         <load_address>0xcd65</load_address>
         <run_address>0xcd65</run_address>
         <size>0x10b</size>
         <input_file_ref idref="fl-dc"/>
      </object_component>
      <object_component id="oc-56">
         <name>.debug_info</name>
         <load_address>0xce70</load_address>
         <run_address>0xce70</run_address>
         <size>0x1af</size>
         <input_file_ref idref="fl-dc"/>
      </object_component>
      <object_component id="oc-132">
         <name>.debug_info</name>
         <load_address>0xd01f</load_address>
         <run_address>0xd01f</run_address>
         <size>0x122</size>
         <input_file_ref idref="fl-dd"/>
      </object_component>
      <object_component id="oc-114">
         <name>.debug_info</name>
         <load_address>0xd141</load_address>
         <run_address>0xd141</run_address>
         <size>0x2c</size>
         <input_file_ref idref="fl-e2"/>
      </object_component>
      <object_component id="oc-39">
         <name>.debug_info</name>
         <load_address>0xd16d</load_address>
         <run_address>0xd16d</run_address>
         <size>0x11c</size>
         <input_file_ref idref="fl-ea"/>
      </object_component>
      <object_component id="oc-1a0">
         <name>.debug_info</name>
         <load_address>0xd289</load_address>
         <run_address>0xd289</run_address>
         <size>0x552</size>
         <input_file_ref idref="fl-ec"/>
      </object_component>
      <object_component id="oc-13c">
         <name>.debug_info</name>
         <load_address>0xd7db</load_address>
         <run_address>0xd7db</run_address>
         <size>0x1a6</size>
         <input_file_ref idref="fl-ec"/>
      </object_component>
      <object_component id="oc-1cb">
         <name>.debug_info</name>
         <load_address>0xd981</load_address>
         <run_address>0xd981</run_address>
         <size>0x39</size>
         <input_file_ref idref="fl-ec"/>
      </object_component>
      <object_component id="oc-1df">
         <name>.debug_info</name>
         <load_address>0xd9ba</load_address>
         <run_address>0xd9ba</run_address>
         <size>0x39</size>
         <input_file_ref idref="fl-ec"/>
      </object_component>
      <object_component id="oc-1d0">
         <name>.debug_info</name>
         <load_address>0xd9f3</load_address>
         <run_address>0xd9f3</run_address>
         <size>0x39</size>
         <input_file_ref idref="fl-ec"/>
      </object_component>
      <object_component id="oc-1d5">
         <name>.debug_info</name>
         <load_address>0xda2c</load_address>
         <run_address>0xda2c</run_address>
         <size>0xcd</size>
         <input_file_ref idref="fl-ec"/>
      </object_component>
      <object_component id="oc-bd">
         <name>.debug_info</name>
         <load_address>0xdaf9</load_address>
         <run_address>0xdaf9</run_address>
         <size>0x153</size>
         <input_file_ref idref="fl-ed"/>
      </object_component>
      <object_component id="oc-9e">
         <name>.debug_info</name>
         <load_address>0xdc4c</load_address>
         <run_address>0xdc4c</run_address>
         <size>0x3c6</size>
         <input_file_ref idref="fl-ef"/>
      </object_component>
      <object_component id="oc-2a">
         <name>.debug_info</name>
         <load_address>0xe012</load_address>
         <run_address>0xe012</run_address>
         <size>0x10c</size>
         <input_file_ref idref="fl-ef"/>
      </object_component>
      <object_component id="oc-119">
         <name>.debug_info</name>
         <load_address>0xe11e</load_address>
         <run_address>0xe11e</run_address>
         <size>0x62</size>
         <input_file_ref idref="fl-ef"/>
      </object_component>
      <object_component id="oc-21e">
         <name>.debug_info</name>
         <load_address>0xe180</load_address>
         <run_address>0xe180</run_address>
         <size>0xc2</size>
      </object_component>
      <object_component id="oc-1ba">
         <name>.debug_line</name>
         <load_address>0x0</load_address>
         <run_address>0x0</run_address>
         <size>0x20</size>
         <input_file_ref idref="fl-2"/>
      </object_component>
      <object_component id="oc-176">
         <name>.debug_line</name>
         <load_address>0x20</load_address>
         <run_address>0x20</run_address>
         <size>0x67</size>
         <input_file_ref idref="fl-2"/>
      </object_component>
      <object_component id="oc-110">
         <name>.debug_line</name>
         <load_address>0x87</load_address>
         <run_address>0x87</run_address>
         <size>0x7e</size>
         <input_file_ref idref="fl-2"/>
      </object_component>
      <object_component id="oc-17b">
         <name>.debug_line</name>
         <load_address>0x105</load_address>
         <run_address>0x105</run_address>
         <size>0x6a</size>
         <input_file_ref idref="fl-2"/>
      </object_component>
      <object_component id="oc-35">
         <name>.debug_line</name>
         <load_address>0x16f</load_address>
         <run_address>0x16f</run_address>
         <size>0x20</size>
         <input_file_ref idref="fl-2"/>
      </object_component>
      <object_component id="oc-180">
         <name>.debug_line</name>
         <load_address>0x18f</load_address>
         <run_address>0x18f</run_address>
         <size>0x82</size>
         <input_file_ref idref="fl-2"/>
      </object_component>
      <object_component id="oc-e1">
         <name>.debug_line</name>
         <load_address>0x211</load_address>
         <run_address>0x211</run_address>
         <size>0x7f</size>
         <input_file_ref idref="fl-2"/>
      </object_component>
      <object_component id="oc-18d">
         <name>.debug_line</name>
         <load_address>0x290</load_address>
         <run_address>0x290</run_address>
         <size>0x45</size>
         <input_file_ref idref="fl-7"/>
      </object_component>
      <object_component id="oc-89">
         <name>.debug_line</name>
         <load_address>0x2d5</load_address>
         <run_address>0x2d5</run_address>
         <size>0x3ac</size>
         <input_file_ref idref="fl-7"/>
      </object_component>
      <object_component id="oc-1b8">
         <name>.debug_line</name>
         <load_address>0x681</load_address>
         <run_address>0x681</run_address>
         <size>0x2e</size>
         <input_file_ref idref="fl-8"/>
      </object_component>
      <object_component id="oc-f0">
         <name>.debug_line</name>
         <load_address>0x6af</load_address>
         <run_address>0x6af</run_address>
         <size>0x10c</size>
         <input_file_ref idref="fl-8"/>
      </object_component>
      <object_component id="oc-187">
         <name>.debug_line</name>
         <load_address>0x7bb</load_address>
         <run_address>0x7bb</run_address>
         <size>0x20</size>
         <input_file_ref idref="fl-14"/>
      </object_component>
      <object_component id="oc-83">
         <name>.debug_line</name>
         <load_address>0x7db</load_address>
         <run_address>0x7db</run_address>
         <size>0x94</size>
         <input_file_ref idref="fl-14"/>
      </object_component>
      <object_component id="oc-191">
         <name>.debug_line</name>
         <load_address>0x86f</load_address>
         <run_address>0x86f</run_address>
         <size>0x2e</size>
         <input_file_ref idref="fl-15"/>
      </object_component>
      <object_component id="oc-193">
         <name>.debug_line</name>
         <load_address>0x89d</load_address>
         <run_address>0x89d</run_address>
         <size>0x2e</size>
         <input_file_ref idref="fl-15"/>
      </object_component>
      <object_component id="oc-92">
         <name>.debug_line</name>
         <load_address>0x8cb</load_address>
         <run_address>0x8cb</run_address>
         <size>0x5d6</size>
         <input_file_ref idref="fl-15"/>
      </object_component>
      <object_component id="oc-109">
         <name>.debug_line</name>
         <load_address>0xea1</load_address>
         <run_address>0xea1</run_address>
         <size>0x35</size>
         <input_file_ref idref="fl-15"/>
      </object_component>
      <object_component id="oc-172">
         <name>.debug_line</name>
         <load_address>0xed6</load_address>
         <run_address>0xed6</run_address>
         <size>0x30</size>
         <input_file_ref idref="fl-17"/>
      </object_component>
      <object_component id="oc-72">
         <name>.debug_line</name>
         <load_address>0xf06</load_address>
         <run_address>0xf06</run_address>
         <size>0x87</size>
         <input_file_ref idref="fl-17"/>
      </object_component>
      <object_component id="oc-183">
         <name>.debug_line</name>
         <load_address>0xf8d</load_address>
         <run_address>0xf8d</run_address>
         <size>0x30</size>
         <input_file_ref idref="fl-18"/>
      </object_component>
      <object_component id="oc-78">
         <name>.debug_line</name>
         <load_address>0xfbd</load_address>
         <run_address>0xfbd</run_address>
         <size>0x74</size>
         <input_file_ref idref="fl-18"/>
      </object_component>
      <object_component id="oc-185">
         <name>.debug_line</name>
         <load_address>0x1031</load_address>
         <run_address>0x1031</run_address>
         <size>0x30</size>
         <input_file_ref idref="fl-19"/>
      </object_component>
      <object_component id="oc-7d">
         <name>.debug_line</name>
         <load_address>0x1061</load_address>
         <run_address>0x1061</run_address>
         <size>0x87</size>
         <input_file_ref idref="fl-19"/>
      </object_component>
      <object_component id="oc-18f">
         <name>.debug_line</name>
         <load_address>0x10e8</load_address>
         <run_address>0x10e8</run_address>
         <size>0x2e</size>
         <input_file_ref idref="fl-1b"/>
      </object_component>
      <object_component id="oc-90">
         <name>.debug_line</name>
         <load_address>0x1116</load_address>
         <run_address>0x1116</run_address>
         <size>0x16d</size>
         <input_file_ref idref="fl-1b"/>
      </object_component>
      <object_component id="oc-c6">
         <name>.debug_line</name>
         <load_address>0x1283</load_address>
         <run_address>0x1283</run_address>
         <size>0x42</size>
         <input_file_ref idref="fl-1d"/>
      </object_component>
      <object_component id="oc-10c">
         <name>.debug_line</name>
         <load_address>0x12c5</load_address>
         <run_address>0x12c5</run_address>
         <size>0x40</size>
         <input_file_ref idref="fl-1e"/>
      </object_component>
      <object_component id="oc-98">
         <name>.debug_line</name>
         <load_address>0x1305</load_address>
         <run_address>0x1305</run_address>
         <size>0x40</size>
         <input_file_ref idref="fl-1e"/>
      </object_component>
      <object_component id="oc-6c">
         <name>.debug_line</name>
         <load_address>0x1345</load_address>
         <run_address>0x1345</run_address>
         <size>0x71</size>
         <input_file_ref idref="fl-1e"/>
      </object_component>
      <object_component id="oc-1b6">
         <name>.debug_line</name>
         <load_address>0x13b6</load_address>
         <run_address>0x13b6</run_address>
         <size>0x3b</size>
         <input_file_ref idref="fl-1f"/>
      </object_component>
      <object_component id="oc-d8">
         <name>.debug_line</name>
         <load_address>0x13f1</load_address>
         <run_address>0x13f1</run_address>
         <size>0x146</size>
         <input_file_ref idref="fl-1f"/>
      </object_component>
      <object_component id="oc-12b">
         <name>.debug_line</name>
         <load_address>0x1537</load_address>
         <run_address>0x1537</run_address>
         <size>0xa9</size>
         <input_file_ref idref="fl-d9"/>
      </object_component>
      <object_component id="oc-48">
         <name>.debug_line</name>
         <load_address>0x15e0</load_address>
         <run_address>0x15e0</run_address>
         <size>0x4f</size>
         <input_file_ref idref="fl-d9"/>
      </object_component>
      <object_component id="oc-b2">
         <name>.debug_line</name>
         <load_address>0x162f</load_address>
         <run_address>0x162f</run_address>
         <size>0x34</size>
         <input_file_ref idref="fl-d9"/>
      </object_component>
      <object_component id="oc-128">
         <name>.debug_line</name>
         <load_address>0x1663</load_address>
         <run_address>0x1663</run_address>
         <size>0x95</size>
         <input_file_ref idref="fl-d9"/>
      </object_component>
      <object_component id="oc-ad">
         <name>.debug_line</name>
         <load_address>0x16f8</load_address>
         <run_address>0x16f8</run_address>
         <size>0x20</size>
         <input_file_ref idref="fl-da"/>
      </object_component>
      <object_component id="oc-1e">
         <name>.debug_line</name>
         <load_address>0x1718</load_address>
         <run_address>0x1718</run_address>
         <size>0x55</size>
         <input_file_ref idref="fl-da"/>
      </object_component>
      <object_component id="oc-40">
         <name>.debug_line</name>
         <load_address>0x176d</load_address>
         <run_address>0x176d</run_address>
         <size>0x3a</size>
         <input_file_ref idref="fl-da"/>
      </object_component>
      <object_component id="oc-aa">
         <name>.debug_line</name>
         <load_address>0x17a7</load_address>
         <run_address>0x17a7</run_address>
         <size>0x95</size>
         <input_file_ref idref="fl-da"/>
      </object_component>
      <object_component id="oc-124">
         <name>.debug_line</name>
         <load_address>0x183c</load_address>
         <run_address>0x183c</run_address>
         <size>0x20</size>
         <input_file_ref idref="fl-db"/>
      </object_component>
      <object_component id="oc-19">
         <name>.debug_line</name>
         <load_address>0x185c</load_address>
         <run_address>0x185c</run_address>
         <size>0xa9</size>
         <input_file_ref idref="fl-db"/>
      </object_component>
      <object_component id="oc-30">
         <name>.debug_line</name>
         <load_address>0x1905</load_address>
         <run_address>0x1905</run_address>
         <size>0x3a</size>
         <input_file_ref idref="fl-db"/>
      </object_component>
      <object_component id="oc-121">
         <name>.debug_line</name>
         <load_address>0x193f</load_address>
         <run_address>0x193f</run_address>
         <size>0x9d</size>
         <input_file_ref idref="fl-db"/>
      </object_component>
      <object_component id="oc-a3">
         <name>.debug_line</name>
         <load_address>0x19dc</load_address>
         <run_address>0x19dc</run_address>
         <size>0x99</size>
         <input_file_ref idref="fl-db"/>
      </object_component>
      <object_component id="oc-9b">
         <name>.debug_line</name>
         <load_address>0x1a75</load_address>
         <run_address>0x1a75</run_address>
         <size>0x33</size>
         <input_file_ref idref="fl-dc"/>
      </object_component>
      <object_component id="oc-59">
         <name>.debug_line</name>
         <load_address>0x1aa8</load_address>
         <run_address>0x1aa8</run_address>
         <size>0x56</size>
         <input_file_ref idref="fl-dc"/>
      </object_component>
      <object_component id="oc-130">
         <name>.debug_line</name>
         <load_address>0x1afe</load_address>
         <run_address>0x1afe</run_address>
         <size>0x3c</size>
         <input_file_ref idref="fl-dd"/>
      </object_component>
      <object_component id="oc-117">
         <name>.debug_line</name>
         <load_address>0x1b3a</load_address>
         <run_address>0x1b3a</run_address>
         <size>0x95</size>
         <input_file_ref idref="fl-e2"/>
      </object_component>
      <object_component id="oc-3b">
         <name>.debug_line</name>
         <load_address>0x1bcf</load_address>
         <run_address>0x1bcf</run_address>
         <size>0x88</size>
         <input_file_ref idref="fl-ea"/>
      </object_component>
      <object_component id="oc-1ca">
         <name>.debug_line</name>
         <load_address>0x1c57</load_address>
         <run_address>0x1c57</run_address>
         <size>0xc2</size>
         <input_file_ref idref="fl-ec"/>
      </object_component>
      <object_component id="oc-140">
         <name>.debug_line</name>
         <load_address>0x1d19</load_address>
         <run_address>0x1d19</run_address>
         <size>0x6c</size>
         <input_file_ref idref="fl-ec"/>
      </object_component>
      <object_component id="oc-1ce">
         <name>.debug_line</name>
         <load_address>0x1d85</load_address>
         <run_address>0x1d85</run_address>
         <size>0x2e</size>
         <input_file_ref idref="fl-ec"/>
      </object_component>
      <object_component id="oc-1e2">
         <name>.debug_line</name>
         <load_address>0x1db3</load_address>
         <run_address>0x1db3</run_address>
         <size>0x9d</size>
         <input_file_ref idref="fl-ec"/>
      </object_component>
      <object_component id="oc-1d3">
         <name>.debug_line</name>
         <load_address>0x1e50</load_address>
         <run_address>0x1e50</run_address>
         <size>0x9a</size>
         <input_file_ref idref="fl-ec"/>
      </object_component>
      <object_component id="oc-1d8">
         <name>.debug_line</name>
         <load_address>0x1eea</load_address>
         <run_address>0x1eea</run_address>
         <size>0x96</size>
         <input_file_ref idref="fl-ec"/>
      </object_component>
      <object_component id="oc-bc">
         <name>.debug_line</name>
         <load_address>0x1f80</load_address>
         <run_address>0x1f80</run_address>
         <size>0x40</size>
         <input_file_ref idref="fl-ed"/>
      </object_component>
      <object_component id="oc-113">
         <name>.debug_line</name>
         <load_address>0x1fc0</load_address>
         <run_address>0x1fc0</run_address>
         <size>0xa0</size>
         <input_file_ref idref="fl-ef"/>
      </object_component>
      <object_component id="oc-9d">
         <name>.debug_line</name>
         <load_address>0x2060</load_address>
         <run_address>0x2060</run_address>
         <size>0x2c</size>
         <input_file_ref idref="fl-ef"/>
      </object_component>
      <object_component id="oc-11c">
         <name>.debug_line</name>
         <load_address>0x208c</load_address>
         <run_address>0x208c</run_address>
         <size>0x2c</size>
         <input_file_ref idref="fl-ef"/>
      </object_component>
      <object_component id="oc-1b9">
         <name>.debug_abbrev</name>
         <load_address>0x0</load_address>
         <run_address>0x0</run_address>
         <size>0x71</size>
         <input_file_ref idref="fl-2"/>
      </object_component>
      <object_component id="oc-175">
         <name>.debug_abbrev</name>
         <load_address>0x71</load_address>
         <run_address>0x71</run_address>
         <size>0xbd</size>
         <input_file_ref idref="fl-2"/>
      </object_component>
      <object_component id="oc-10f">
         <name>.debug_abbrev</name>
         <load_address>0x12e</load_address>
         <run_address>0x12e</run_address>
         <size>0x69</size>
         <input_file_ref idref="fl-2"/>
      </object_component>
      <object_component id="oc-17a">
         <name>.debug_abbrev</name>
         <load_address>0x197</load_address>
         <run_address>0x197</run_address>
         <size>0x97</size>
         <input_file_ref idref="fl-2"/>
      </object_component>
      <object_component id="oc-34">
         <name>.debug_abbrev</name>
         <load_address>0x22e</load_address>
         <run_address>0x22e</run_address>
         <size>0x1f</size>
         <input_file_ref idref="fl-2"/>
      </object_component>
      <object_component id="oc-17f">
         <name>.debug_abbrev</name>
         <load_address>0x24d</load_address>
         <run_address>0x24d</run_address>
         <size>0x5c</size>
         <input_file_ref idref="fl-2"/>
      </object_component>
      <object_component id="oc-e0">
         <name>.debug_abbrev</name>
         <load_address>0x2a9</load_address>
         <run_address>0x2a9</run_address>
         <size>0x24</size>
         <input_file_ref idref="fl-2"/>
      </object_component>
      <object_component id="oc-18c">
         <name>.debug_abbrev</name>
         <load_address>0x2cd</load_address>
         <run_address>0x2cd</run_address>
         <size>0xd7</size>
         <input_file_ref idref="fl-7"/>
      </object_component>
      <object_component id="oc-f6">
         <name>.debug_abbrev</name>
         <load_address>0x3a4</load_address>
         <run_address>0x3a4</run_address>
         <size>0x15d</size>
         <input_file_ref idref="fl-7"/>
      </object_component>
      <object_component id="oc-1b7">
         <name>.debug_abbrev</name>
         <load_address>0x501</load_address>
         <run_address>0x501</run_address>
         <size>0x51</size>
         <input_file_ref idref="fl-8"/>
      </object_component>
      <object_component id="oc-18b">
         <name>.debug_abbrev</name>
         <load_address>0x552</load_address>
         <run_address>0x552</run_address>
         <size>0xa9</size>
         <input_file_ref idref="fl-8"/>
      </object_component>
      <object_component id="oc-186">
         <name>.debug_abbrev</name>
         <load_address>0x5fb</load_address>
         <run_address>0x5fb</run_address>
         <size>0x8a</size>
         <input_file_ref idref="fl-14"/>
      </object_component>
      <object_component id="oc-ea">
         <name>.debug_abbrev</name>
         <load_address>0x685</load_address>
         <run_address>0x685</run_address>
         <size>0x6c</size>
         <input_file_ref idref="fl-14"/>
      </object_component>
      <object_component id="oc-190">
         <name>.debug_abbrev</name>
         <load_address>0x6f1</load_address>
         <run_address>0x6f1</run_address>
         <size>0x97</size>
         <input_file_ref idref="fl-15"/>
      </object_component>
      <object_component id="oc-192">
         <name>.debug_abbrev</name>
         <load_address>0x788</load_address>
         <run_address>0x788</run_address>
         <size>0x29</size>
         <input_file_ref idref="fl-15"/>
      </object_component>
      <object_component id="oc-105">
         <name>.debug_abbrev</name>
         <load_address>0x7b1</load_address>
         <run_address>0x7b1</run_address>
         <size>0x112</size>
         <input_file_ref idref="fl-15"/>
      </object_component>
      <object_component id="oc-108">
         <name>.debug_abbrev</name>
         <load_address>0x8c3</load_address>
         <run_address>0x8c3</run_address>
         <size>0x33</size>
         <input_file_ref idref="fl-15"/>
      </object_component>
      <object_component id="oc-171">
         <name>.debug_abbrev</name>
         <load_address>0x8f6</load_address>
         <run_address>0x8f6</run_address>
         <size>0x97</size>
         <input_file_ref idref="fl-17"/>
      </object_component>
      <object_component id="oc-dd">
         <name>.debug_abbrev</name>
         <load_address>0x98d</load_address>
         <run_address>0x98d</run_address>
         <size>0x7b</size>
         <input_file_ref idref="fl-17"/>
      </object_component>
      <object_component id="oc-182">
         <name>.debug_abbrev</name>
         <load_address>0xa08</load_address>
         <run_address>0xa08</run_address>
         <size>0x97</size>
         <input_file_ref idref="fl-18"/>
      </object_component>
      <object_component id="oc-e3">
         <name>.debug_abbrev</name>
         <load_address>0xa9f</load_address>
         <run_address>0xa9f</run_address>
         <size>0x6c</size>
         <input_file_ref idref="fl-18"/>
      </object_component>
      <object_component id="oc-184">
         <name>.debug_abbrev</name>
         <load_address>0xb0b</load_address>
         <run_address>0xb0b</run_address>
         <size>0x97</size>
         <input_file_ref idref="fl-19"/>
      </object_component>
      <object_component id="oc-e9">
         <name>.debug_abbrev</name>
         <load_address>0xba2</load_address>
         <run_address>0xba2</run_address>
         <size>0x7b</size>
         <input_file_ref idref="fl-19"/>
      </object_component>
      <object_component id="oc-18e">
         <name>.debug_abbrev</name>
         <load_address>0xc1d</load_address>
         <run_address>0xc1d</run_address>
         <size>0x9d</size>
         <input_file_ref idref="fl-1b"/>
      </object_component>
      <object_component id="oc-fd">
         <name>.debug_abbrev</name>
         <load_address>0xcba</load_address>
         <run_address>0xcba</run_address>
         <size>0xa9</size>
         <input_file_ref idref="fl-1b"/>
      </object_component>
      <object_component id="oc-12e">
         <name>.debug_abbrev</name>
         <load_address>0xd63</load_address>
         <run_address>0xd63</run_address>
         <size>0x50</size>
         <input_file_ref idref="fl-1d"/>
      </object_component>
      <object_component id="oc-10b">
         <name>.debug_abbrev</name>
         <load_address>0xdb3</load_address>
         <run_address>0xdb3</run_address>
         <size>0x7c</size>
         <input_file_ref idref="fl-1e"/>
      </object_component>
      <object_component id="oc-97">
         <name>.debug_abbrev</name>
         <load_address>0xe2f</load_address>
         <run_address>0xe2f</run_address>
         <size>0x29</size>
         <input_file_ref idref="fl-1e"/>
      </object_component>
      <object_component id="oc-d9">
         <name>.debug_abbrev</name>
         <load_address>0xe58</load_address>
         <run_address>0xe58</run_address>
         <size>0x89</size>
         <input_file_ref idref="fl-1e"/>
      </object_component>
      <object_component id="oc-1b5">
         <name>.debug_abbrev</name>
         <load_address>0xee1</load_address>
         <run_address>0xee1</run_address>
         <size>0x29</size>
         <input_file_ref idref="fl-1f"/>
      </object_component>
      <object_component id="oc-170">
         <name>.debug_abbrev</name>
         <load_address>0xf0a</load_address>
         <run_address>0xf0a</run_address>
         <size>0x8b</size>
         <input_file_ref idref="fl-1f"/>
      </object_component>
      <object_component id="oc-12a">
         <name>.debug_abbrev</name>
         <load_address>0xf95</load_address>
         <run_address>0xf95</run_address>
         <size>0x73</size>
         <input_file_ref idref="fl-d9"/>
      </object_component>
      <object_component id="oc-ae">
         <name>.debug_abbrev</name>
         <load_address>0x1008</load_address>
         <run_address>0x1008</run_address>
         <size>0x6f</size>
         <input_file_ref idref="fl-d9"/>
      </object_component>
      <object_component id="oc-b1">
         <name>.debug_abbrev</name>
         <load_address>0x1077</load_address>
         <run_address>0x1077</run_address>
         <size>0x24</size>
         <input_file_ref idref="fl-d9"/>
      </object_component>
      <object_component id="oc-127">
         <name>.debug_abbrev</name>
         <load_address>0x109b</load_address>
         <run_address>0x109b</run_address>
         <size>0x24</size>
         <input_file_ref idref="fl-d9"/>
      </object_component>
      <object_component id="oc-ac">
         <name>.debug_abbrev</name>
         <load_address>0x10bf</load_address>
         <run_address>0x10bf</run_address>
         <size>0x37</size>
         <input_file_ref idref="fl-da"/>
      </object_component>
      <object_component id="oc-3c">
         <name>.debug_abbrev</name>
         <load_address>0x10f6</load_address>
         <run_address>0x10f6</run_address>
         <size>0x74</size>
         <input_file_ref idref="fl-da"/>
      </object_component>
      <object_component id="oc-3f">
         <name>.debug_abbrev</name>
         <load_address>0x116a</load_address>
         <run_address>0x116a</run_address>
         <size>0x24</size>
         <input_file_ref idref="fl-da"/>
      </object_component>
      <object_component id="oc-a9">
         <name>.debug_abbrev</name>
         <load_address>0x118e</load_address>
         <run_address>0x118e</run_address>
         <size>0x24</size>
         <input_file_ref idref="fl-da"/>
      </object_component>
      <object_component id="oc-123">
         <name>.debug_abbrev</name>
         <load_address>0x11b2</load_address>
         <run_address>0x11b2</run_address>
         <size>0x37</size>
         <input_file_ref idref="fl-db"/>
      </object_component>
      <object_component id="oc-2c">
         <name>.debug_abbrev</name>
         <load_address>0x11e9</load_address>
         <run_address>0x11e9</run_address>
         <size>0x6f</size>
         <input_file_ref idref="fl-db"/>
      </object_component>
      <object_component id="oc-2f">
         <name>.debug_abbrev</name>
         <load_address>0x1258</load_address>
         <run_address>0x1258</run_address>
         <size>0x24</size>
         <input_file_ref idref="fl-db"/>
      </object_component>
      <object_component id="oc-120">
         <name>.debug_abbrev</name>
         <load_address>0x127c</load_address>
         <run_address>0x127c</run_address>
         <size>0x35</size>
         <input_file_ref idref="fl-db"/>
      </object_component>
      <object_component id="oc-a2">
         <name>.debug_abbrev</name>
         <load_address>0x12b1</load_address>
         <run_address>0x12b1</run_address>
         <size>0x24</size>
         <input_file_ref idref="fl-db"/>
      </object_component>
      <object_component id="oc-9a">
         <name>.debug_abbrev</name>
         <load_address>0x12d5</load_address>
         <run_address>0x12d5</run_address>
         <size>0x29</size>
         <input_file_ref idref="fl-dc"/>
      </object_component>
      <object_component id="oc-ca">
         <name>.debug_abbrev</name>
         <load_address>0x12fe</load_address>
         <run_address>0x12fe</run_address>
         <size>0x61</size>
         <input_file_ref idref="fl-dc"/>
      </object_component>
      <object_component id="oc-195">
         <name>.debug_abbrev</name>
         <load_address>0x135f</load_address>
         <run_address>0x135f</run_address>
         <size>0x45</size>
         <input_file_ref idref="fl-dd"/>
      </object_component>
      <object_component id="oc-116">
         <name>.debug_abbrev</name>
         <load_address>0x13a4</load_address>
         <run_address>0x13a4</run_address>
         <size>0x24</size>
         <input_file_ref idref="fl-e2"/>
      </object_component>
      <object_component id="oc-a6">
         <name>.debug_abbrev</name>
         <load_address>0x13c8</load_address>
         <run_address>0x13c8</run_address>
         <size>0x3e</size>
         <input_file_ref idref="fl-ea"/>
      </object_component>
      <object_component id="oc-1c9">
         <name>.debug_abbrev</name>
         <load_address>0x1406</load_address>
         <run_address>0x1406</run_address>
         <size>0xdb</size>
         <input_file_ref idref="fl-ec"/>
      </object_component>
      <object_component id="oc-19f">
         <name>.debug_abbrev</name>
         <load_address>0x14e1</load_address>
         <run_address>0x14e1</run_address>
         <size>0x7e</size>
         <input_file_ref idref="fl-ec"/>
      </object_component>
      <object_component id="oc-1cd">
         <name>.debug_abbrev</name>
         <load_address>0x155f</load_address>
         <run_address>0x155f</run_address>
         <size>0x24</size>
         <input_file_ref idref="fl-ec"/>
      </object_component>
      <object_component id="oc-1e1">
         <name>.debug_abbrev</name>
         <load_address>0x1583</load_address>
         <run_address>0x1583</run_address>
         <size>0x24</size>
         <input_file_ref idref="fl-ec"/>
      </object_component>
      <object_component id="oc-1d2">
         <name>.debug_abbrev</name>
         <load_address>0x15a7</load_address>
         <run_address>0x15a7</run_address>
         <size>0x24</size>
         <input_file_ref idref="fl-ec"/>
      </object_component>
      <object_component id="oc-1d7">
         <name>.debug_abbrev</name>
         <load_address>0x15cb</load_address>
         <run_address>0x15cb</run_address>
         <size>0x4b</size>
         <input_file_ref idref="fl-ec"/>
      </object_component>
      <object_component id="oc-12d">
         <name>.debug_abbrev</name>
         <load_address>0x1616</load_address>
         <run_address>0x1616</run_address>
         <size>0x55</size>
         <input_file_ref idref="fl-ed"/>
      </object_component>
      <object_component id="oc-112">
         <name>.debug_abbrev</name>
         <load_address>0x166b</load_address>
         <run_address>0x166b</run_address>
         <size>0xcf</size>
         <input_file_ref idref="fl-ef"/>
      </object_component>
      <object_component id="oc-9c">
         <name>.debug_abbrev</name>
         <load_address>0x173a</load_address>
         <run_address>0x173a</run_address>
         <size>0x29</size>
         <input_file_ref idref="fl-ef"/>
      </object_component>
      <object_component id="oc-11b">
         <name>.debug_abbrev</name>
         <load_address>0x1763</load_address>
         <run_address>0x1763</run_address>
         <size>0x4b</size>
         <input_file_ref idref="fl-ef"/>
      </object_component>
      <object_component id="oc-21f">
         <name>.debug_abbrev</name>
         <load_address>0x17ae</load_address>
         <run_address>0x17ae</run_address>
         <size>0xf</size>
      </object_component>
      <object_component id="oc-177">
         <name>.debug_str</name>
         <load_address>0x0</load_address>
         <run_address>0x0</run_address>
         <size>0x15f8</size>
         <input_file_ref idref="fl-2"/>
      </object_component>
      <object_component id="oc-111">
         <name>.debug_str</name>
         <load_address>0x15f8</load_address>
         <run_address>0x15f8</run_address>
         <size>0x2df</size>
         <input_file_ref idref="fl-2"/>
      </object_component>
      <object_component id="oc-17c">
         <name>.debug_str</name>
         <load_address>0x18d7</load_address>
         <run_address>0x18d7</run_address>
         <size>0x4b4</size>
         <input_file_ref idref="fl-2"/>
      </object_component>
      <object_component id="oc-36">
         <name>.debug_str</name>
         <load_address>0x1d8b</load_address>
         <run_address>0x1d8b</run_address>
         <size>0xfa</size>
         <input_file_ref idref="fl-2"/>
      </object_component>
      <object_component id="oc-181">
         <name>.debug_str</name>
         <load_address>0x1e85</load_address>
         <run_address>0x1e85</run_address>
         <size>0x36e</size>
         <input_file_ref idref="fl-2"/>
      </object_component>
      <object_component id="oc-e2">
         <name>.debug_str</name>
         <load_address>0x21f3</load_address>
         <run_address>0x21f3</run_address>
         <size>0x177</size>
         <input_file_ref idref="fl-2"/>
      </object_component>
      <object_component id="oc-10a">
         <name>.debug_str</name>
         <load_address>0x236a</load_address>
         <run_address>0x236a</run_address>
         <size>0x1d4</size>
         <input_file_ref idref="fl-15"/>
      </object_component>
      <object_component id="oc-b3">
         <name>.debug_str</name>
         <load_address>0x253e</load_address>
         <run_address>0x253e</run_address>
         <size>0x105</size>
         <input_file_ref idref="fl-d9"/>
      </object_component>
      <object_component id="oc-129">
         <name>.debug_str</name>
         <load_address>0x2643</load_address>
         <run_address>0x2643</run_address>
         <size>0x143</size>
         <input_file_ref idref="fl-d9"/>
      </object_component>
      <object_component id="oc-41">
         <name>.debug_str</name>
         <load_address>0x2786</load_address>
         <run_address>0x2786</run_address>
         <size>0x10b</size>
         <input_file_ref idref="fl-da"/>
      </object_component>
      <object_component id="oc-ab">
         <name>.debug_str</name>
         <load_address>0x2891</load_address>
         <run_address>0x2891</run_address>
         <size>0x143</size>
         <input_file_ref idref="fl-da"/>
      </object_component>
      <object_component id="oc-31">
         <name>.debug_str</name>
         <load_address>0x29d4</load_address>
         <run_address>0x29d4</run_address>
         <size>0x118</size>
         <input_file_ref idref="fl-db"/>
      </object_component>
      <object_component id="oc-122">
         <name>.debug_str</name>
         <load_address>0x2aec</load_address>
         <run_address>0x2aec</run_address>
         <size>0x16e</size>
         <input_file_ref idref="fl-db"/>
      </object_component>
      <object_component id="oc-a4">
         <name>.debug_str</name>
         <load_address>0x2c5a</load_address>
         <run_address>0x2c5a</run_address>
         <size>0x15b</size>
         <input_file_ref idref="fl-db"/>
      </object_component>
      <object_component id="oc-118">
         <name>.debug_str</name>
         <load_address>0x2db5</load_address>
         <run_address>0x2db5</run_address>
         <size>0x143</size>
         <input_file_ref idref="fl-e2"/>
      </object_component>
      <object_component id="oc-1cf">
         <name>.debug_str</name>
         <load_address>0x2ef8</load_address>
         <run_address>0x2ef8</run_address>
         <size>0xed</size>
         <input_file_ref idref="fl-ec"/>
      </object_component>
      <object_component id="oc-1e3">
         <name>.debug_str</name>
         <load_address>0x2fe5</load_address>
         <run_address>0x2fe5</run_address>
         <size>0x15a</size>
         <input_file_ref idref="fl-ec"/>
      </object_component>
      <object_component id="oc-1d4">
         <name>.debug_str</name>
         <load_address>0x313f</load_address>
         <run_address>0x313f</run_address>
         <size>0x153</size>
         <input_file_ref idref="fl-ec"/>
      </object_component>
      <object_component id="oc-1d9">
         <name>.debug_str</name>
         <load_address>0x3292</load_address>
         <run_address>0x3292</run_address>
         <size>0x19a</size>
         <input_file_ref idref="fl-ec"/>
      </object_component>
      <object_component id="oc-11d">
         <name>.debug_str</name>
         <load_address>0x342c</load_address>
         <run_address>0x342c</run_address>
         <size>0xf4</size>
         <input_file_ref idref="fl-ef"/>
      </object_component>
      <object_component id="oc-174">
         <name>.debug_pubtypes</name>
         <load_address>0x0</load_address>
         <run_address>0x0</run_address>
         <size>0x2ce</size>
         <input_file_ref idref="fl-2"/>
      </object_component>
      <object_component id="oc-10e">
         <name>.debug_pubtypes</name>
         <load_address>0x2ce</load_address>
         <run_address>0x2ce</run_address>
         <size>0x25c</size>
         <input_file_ref idref="fl-2"/>
      </object_component>
      <object_component id="oc-179">
         <name>.debug_pubtypes</name>
         <load_address>0x52a</load_address>
         <run_address>0x52a</run_address>
         <size>0xdd</size>
         <input_file_ref idref="fl-2"/>
      </object_component>
      <object_component id="oc-33">
         <name>.debug_pubtypes</name>
         <load_address>0x607</load_address>
         <run_address>0x607</run_address>
         <size>0xed</size>
         <input_file_ref idref="fl-2"/>
      </object_component>
      <object_component id="oc-17e">
         <name>.debug_pubtypes</name>
         <load_address>0x6f4</load_address>
         <run_address>0x6f4</run_address>
         <size>0x325</size>
         <input_file_ref idref="fl-2"/>
      </object_component>
      <object_component id="oc-df">
         <name>.debug_pubtypes</name>
         <load_address>0xa19</load_address>
         <run_address>0xa19</run_address>
         <size>0xaa</size>
         <input_file_ref idref="fl-2"/>
      </object_component>
      <object_component id="oc-107">
         <name>.debug_pubtypes</name>
         <load_address>0xac3</load_address>
         <run_address>0xac3</run_address>
         <size>0x20</size>
         <input_file_ref idref="fl-15"/>
      </object_component>
      <object_component id="oc-b0">
         <name>.debug_pubtypes</name>
         <load_address>0xae3</load_address>
         <run_address>0xae3</run_address>
         <size>0x48</size>
         <input_file_ref idref="fl-d9"/>
      </object_component>
      <object_component id="oc-126">
         <name>.debug_pubtypes</name>
         <load_address>0xb2b</load_address>
         <run_address>0xb2b</run_address>
         <size>0x1d</size>
         <input_file_ref idref="fl-d9"/>
      </object_component>
      <object_component id="oc-3e">
         <name>.debug_pubtypes</name>
         <load_address>0xb48</load_address>
         <run_address>0xb48</run_address>
         <size>0x48</size>
         <input_file_ref idref="fl-da"/>
      </object_component>
      <object_component id="oc-a8">
         <name>.debug_pubtypes</name>
         <load_address>0xb90</load_address>
         <run_address>0xb90</run_address>
         <size>0x1d</size>
         <input_file_ref idref="fl-da"/>
      </object_component>
      <object_component id="oc-2e">
         <name>.debug_pubtypes</name>
         <load_address>0xbad</load_address>
         <run_address>0xbad</run_address>
         <size>0x5d</size>
         <input_file_ref idref="fl-db"/>
      </object_component>
      <object_component id="oc-11f">
         <name>.debug_pubtypes</name>
         <load_address>0xc0a</load_address>
         <run_address>0xc0a</run_address>
         <size>0x48</size>
         <input_file_ref idref="fl-db"/>
      </object_component>
      <object_component id="oc-a1">
         <name>.debug_pubtypes</name>
         <load_address>0xc52</load_address>
         <run_address>0xc52</run_address>
         <size>0x35</size>
         <input_file_ref idref="fl-db"/>
      </object_component>
      <object_component id="oc-115">
         <name>.debug_pubtypes</name>
         <load_address>0xc87</load_address>
         <run_address>0xc87</run_address>
         <size>0x1d</size>
         <input_file_ref idref="fl-e2"/>
[...]
      </symbol>
      <symbol id="sm-1b4">
         <name>TExaS_Clear3</name>
         <value>0x437</value>
         <object_component_ref idref="oc-91"/>
      </symbol>
      <symbol id="sm-1b5">
         <name>TExaS_Clear2</name>
         <value>0x42b</value>
         <object_component_ref idref="oc-91"/>
      </symbol>
      <symbol id="sm-1b6">
         <name>TExaS_Stop</name>
         <value>0x6b1</value>
         <object_component_ref idref="oc-91"/>
      </symbol>
      <symbol id="sm-1b7">
         <name>TExaS_ScopeErrConflict</name>
         <value>0x2000062c</value>
         <object_component_ref idref="oc-101"/>
      </symbol>
      <symbol id="sm-1b8">
         <name>ADC_Init</name>
         <value>0x475</value>
         <object_component_ref idref="oc-91"/>
      </symbol>
      <symbol id="sm-1b9">
         <name>LogicAnalyzer_P4_765432</name>
         <value>0x137</value>
         <object_component_ref idref="oc-91"/>
      </symbol>
      <symbol id="sm-1ba">
         <name>PeriodicTask2_Init</name>
         <value>0x257</value>
         <object_component_ref idref="oc-91"/>
      </symbol>
      <symbol id="sm-1bb">
         <name>LogicAnalyzer_P1</name>
         <value>0xef</value>
         <object_component_ref idref="oc-91"/>
      </symbol>
      <symbol id="sm-1bc">
         <name>LogicAnalyzer_P3</name>
         <value>0x11b</value>
         <object_component_ref idref="oc-91"/>
      </symbol>
      <symbol id="sm-1bd">
         <name>LogicAnalyzer_P2</name>
         <value>0xfd</value>
         <object_component_ref idref="oc-91"/>
      </symbol>
      <symbol id="sm-1be">
         <name>LogicAnalyzer_P5</name>
         <value>0x17f</value>
         <object_component_ref idref="oc-91"/>
      </symbol>
      <symbol id="sm-1bf">
         <name>LogicAnalyzer_P4</name>
         <value>0x129</value>
         <object_component_ref idref="oc-91"/>
      </symbol>
      <symbol id="sm-1c0">
         <name>LogicAnalyzer_P7</name>
         <value>0x19b</value>
         <object_component_ref idref="oc-91"/>
      </symbol>
      <symbol id="sm-1c1">
         <name>LogicAnalyzer_P6</name>
         <value>0x18d</value>
         <object_component_ref idref="oc-91"/>
      </symbol>
      <symbol id="sm-1c2">
         <name>LogicAnalyzer_P9</name>
         <value>0x1b7</value>
         <object_component_ref idref="oc-91"/>
      </symbol>
      <symbol id="sm-1c3">
         <name>LogicAnalyzer_P8</name>
         <value>0x1a9</value>
         <object_component_ref idref="oc-91"/>
      </symbol>
      <symbol id="sm-1c4">
         <name>TExaS_ScopeWrnReconfig</name>
         <value>0x20000630</value>
         <object_component_ref idref="oc-101"/>
      </symbol>
      <symbol id="sm-1c5">
         <name>TExaS_Task0</name>
         <value>0x367</value>
         <object_component_ref idref="oc-91"/>
      </symbol>
      <symbol id="sm-1c6">
         <name>TExaS_Task1</name>
         <value>0x373</value>
         <object_component_ref idref="oc-91"/>
      </symbol>
      <symbol id="sm-1c7">
         <name>TExaS_Task2</name>
         <value>0x37f</value>
         <object_component_ref idref="oc-91"/>
      </symbol>
      <symbol id="sm-1c8">
         <name>TExaS_Task3</name>
         <value>0x38b</value>
         <object_component_ref idref="oc-91"/>
      </symbol>
      <symbol id="sm-1c9">
         <name>TExaS_Task4</name>
         <value>0x397</value>
         <object_component_ref idref="oc-91"/>
      </symbol>
      <symbol id="sm-1ca">
         <name>TExaS_Task5</name>
         <value>0x399</value>
         <object_component_ref idref="oc-91"/>
      </symbol>
      <symbol id="sm-1cb">
         <name>TExaS_Task6</name>
         <value>0x3a5</value>
         <object_component_ref idref="oc-91"/>
      </symbol>
      <symbol id="sm-1cc">
         <name>Scope</name>
         <value>0x1d3</value>
         <object_component_ref idref="oc-91"/>
      </symbol>
      <symbol id="sm-1cd">
         <name>TExaS_Set0</name>
         <value>0x3c9</value>
         <object_component_ref idref="oc-91"/>
      </symbol>
      <symbol id="sm-1ce">
         <name>TExaS_Set1</name>
         <value>0x3d5</value>
         <object_component_ref idref="oc-91"/>
      </symbol>
      <symbol id="sm-1cf">
         <name>TExaS_Set2</name>
         <value>0x3e1</value>
         <object_component_ref idref="oc-91"/>
      </symbol>
      <symbol id="sm-1d0">
         <name>TExaS_Set3</name>
         <value>0x3ed</value>
         <object_component_ref idref="oc-91"/>
      </symbol>
      <symbol id="sm-1d1">
         <name>TExaS_Set4</name>
         <value>0x3f9</value>
         <object_component_ref idref="oc-91"/>
      </symbol>
      <symbol id="sm-1d2">
         <name>TExaS_Set5</name>
         <value>0x3fb</value>
         <object_component_ref idref="oc-91"/>
      </symbol>
      <symbol id="sm-1d3">
         <name>TExaS_Set6</name>
         <value>0x407</value>
         <object_component_ref idref="oc-91"/>
      </symbol>
      <symbol id="sm-1d4">
         <name>TExaS_ScopeErrLostData</name>
         <value>0x20000628</value>
         <object_component_ref idref="oc-101"/>
      </symbol>
      <symbol id="sm-1d5">
         <name>PeriodicTask2_Stop</name>
         <value>0x2d1</value>
         <object_component_ref idref="oc-91"/>
      </symbol>
      <symbol id="sm-1d6">
         <name>LogicAnalyzer_P10</name>
         <value>0x1c5</value>
         <object_component_ref idref="oc-91"/>
      </symbol>
      <symbol id="sm-1d7">
         <name>TExaS_Init</name>
         <value>0x551</value>
         <object_component_ref idref="oc-91"/>
      </symbol>
      <symbol id="sm-1d8">
         <name>UART_InChar</name>
         <value>0x33b</value>
         <object_component_ref idref="oc-91"/>
      </symbol>
      <symbol id="sm-1d9">
         <name>LogicAnalyzer</name>
         <value>0xe5</value>
         <object_component_ref idref="oc-91"/>
      </symbol>
      <symbol id="sm-1da">
         <name>LogicAnalyzer_P4_765320</name>
         <value>0x147</value>
         <object_component_ref idref="oc-91"/>
      </symbol>
      <symbol id="sm-1db">
         <name>T32_INT1_IRQHandler</name>
         <value>0x2c1</value>
         <object_component_ref idref="oc-91"/>
      </symbol>
      <symbol id="sm-1dc">
         <name>UART_Init</name>
         <value>0x2e1</value>
         <object_component_ref idref="oc-91"/>
      </symbol>
      <symbol id="sm-1dd">
         <name>LogicAnalyzer_P2_7654</name>
         <value>0x10b</value>
         <object_component_ref idref="oc-91"/>
      </symbol>
      <symbol id="sm-1de">
         <name>UART_OutChar</name>
         <value>0x34b</value>
         <object_component_ref idref="oc-91"/>
      </symbol>
      <symbol id="sm-1df">
         <name>TExaS_Set</name>
         <value>0x3b1</value>
         <object_component_ref idref="oc-91"/>
      </symbol>
      <symbol id="sm-1f8">
         <name>TimerA0Task</name>
         <value>0x2000061c</value>
      </symbol>
      <symbol id="sm-1f9">
         <name>TimerA0_Init</name>
         <value>0x119d</value>
         <object_component_ref idref="oc-6d"/>
      </symbol>
      <symbol id="sm-1fa">
         <name>TA0_0_IRQHandler</name>
         <value>0x1217</value>
         <object_component_ref idref="oc-6d"/>
      </symbol>
      <symbol id="sm-1fb">
         <name>TimerA0_Stop</name>
         <value>0x1201</value>
         <object_component_ref idref="oc-6d"/>
      </symbol>
      <symbol id="sm-20b">
         <name>TimerA1_Init</name>
         <value>0x1505</value>
         <object_component_ref idref="oc-73"/>
      </symbol>
      <symbol id="sm-20c">
         <name>TA1_0_IRQHandler</name>
         <value>0x1515</value>
         <object_component_ref idref="oc-73"/>
      </symbol>
      <symbol id="sm-20d">
         <name>TimerA1_Stop</name>
         <value>0x1513</value>
         <object_component_ref idref="oc-73"/>
      </symbol>
      <symbol id="sm-226">
         <name>TimerA2Task</name>
         <value>0x20000620</value>
      </symbol>
      <symbol id="sm-227">
         <name>TimerA2_Init</name>
         <value>0x1249</value>
         <object_component_ref idref="oc-79"/>
      </symbol>
      <symbol id="sm-228">
         <name>TA2_0_IRQHandler</name>
         <value>0x12bb</value>
         <object_component_ref idref="oc-79"/>
      </symbol>
      <symbol id="sm-229">
         <name>TimerA2_Stop</name>
         <value>0x12a7</value>
         <object_component_ref idref="oc-79"/>
      </symbol>
      <symbol id="sm-25b">
         <name>RxPutI</name>
         <value>0x20000618</value>
      </symbol>
      <symbol id="sm-25c">
         <name>RxGetI</name>
         <value>0x20000614</value>
      </symbol>
      <symbol id="sm-25d">
         <name>RxFifoLost</name>
         <value>0x20000610</value>
      </symbol>
      <symbol id="sm-25e">
         <name>RxFIFO</name>
         <value>0x20000400</value>
      </symbol>
      <symbol id="sm-25f">
         <name>RxFifo_Get</name>
         <value>0x1051</value>
         <object_component_ref idref="oc-8b"/>
      </symbol>
      <symbol id="sm-260">
         <name>UART1_OutChar</name>
         <value>0x1105</value>
         <object_component_ref idref="oc-8b"/>
      </symbol>
      <symbol id="sm-261">
         <name>UART1_InChar</name>
         <value>0x10f3</value>
         <object_component_ref idref="oc-8b"/>
      </symbol>
      <symbol id="sm-262">
         <name>UART1_InStatus</name>
         <value>0x1087</value>
         <object_component_ref idref="oc-8b"/>
      </symbol>
      <symbol id="sm-263">
         <name>EUSCIA2_IRQHandler</name>
         <value>0x1121</value>
         <object_component_ref idref="oc-8b"/>
      </symbol>
      <symbol id="sm-264">
         <name>UART1_OutString</name>
         <value>0x1137</value>
         <object_component_ref idref="oc-8b"/>
      </symbol>
      <symbol id="sm-265">
         <name>RxFifo_Put</name>
         <value>0x100b</value>
         <object_component_ref idref="oc-8b"/>
      </symbol>
      <symbol id="sm-266">
         <name>UART1_Init</name>
         <value>0x1097</value>
         <object_component_ref idref="oc-8b"/>
      </symbol>
      <symbol id="sm-267">
         <name>UART1_FinishOutput</name>
         <value>0x1155</value>
         <object_component_ref idref="oc-8b"/>
      </symbol>
      <symbol id="sm-268">
         <name>RxFifo_Init</name>
         <value>0xff9</value>
         <object_component_ref idref="oc-8b"/>
      </symbol>
      <symbol id="sm-273">
         <name>main</name>
         <value>0xccb</value>
         <object_component_ref idref="oc-c1"/>
      </symbol>
      <symbol id="sm-288">
         <name>Reset_Handler</name>
         <value>0x1537</value>
         <object_component_ref idref="oc-67"/>
      </symbol>
      <symbol id="sm-289">
         <name>Default_Handler</name>
         <value>0x1543</value>
         <object_component_ref idref="oc-67"/>
      </symbol>
      <symbol id="sm-28a">
         <name>interruptVectors</name>
         <value>0x0</value>
         <object_component_ref idref="oc-23"/>
      </symbol>
      <symbol id="sm-2d0">
         <name>SystemInit</name>
         <value>0xf41</value>
         <object_component_ref idref="oc-d3"/>
      </symbol>
      <symbol id="sm-2d1">
         <name>SystemCoreClockUpdate</name>
         <value>0xccd</value>
         <object_component_ref idref="oc-d3"/>
      </symbol>
      <symbol id="sm-2d2">
         <name>SystemCoreClock</name>
         <value>0x20000634</value>
         <object_component_ref idref="oc-16d"/>
      </symbol>
      <symbol id="sm-2eb">
         <name>__TI_zero_init_nomemset</name>
         <value>0x1517</value>
         <object_component_ref idref="oc-43"/>
      </symbol>
      <symbol id="sm-302">
         <name>__TI_decompress_none</name>
         <value>0x1529</value>
         <object_component_ref idref="oc-1a"/>
      </symbol>
      <symbol id="sm-325">
         <name>__TI_decompress_lzss</name>
         <value>0x1405</value>
         <object_component_ref idref="oc-14"/>
      </symbol>
      <symbol id="sm-338">
         <name>__stack</name>
         <value>0x2000fe00</value>
         <object_component_ref idref="oc-26"/>
      </symbol>
      <symbol id="sm-339">
         <name>_c_int00_noargs</name>
         <value>0x14b1</value>
         <object_component_ref idref="oc-55"/>
      </symbol>
      <symbol id="sm-344">
         <name>C$$EXIT</name>
         <value>0x1549</value>
         <object_component_ref idref="oc-12f"/>
      </symbol>
      <symbol id="sm-345">
         <name>abort</name>
         <value>0x1549</value>
         <object_component_ref idref="oc-12f"/>
      </symbol>
      <symbol id="sm-371">
         <name>memcpy</name>
         <value>0x12f1</value>
         <object_component_ref idref="oc-37"/>
      </symbol>
      <symbol id="sm-372">
         <name>__aeabi_memcpy</name>
         <value>0x12f1</value>
         <object_component_ref idref="oc-37"/>
      </symbol>
      <symbol id="sm-373">
         <name>__aeabi_memcpy8</name>
         <value>0x12f1</value>
         <object_component_ref idref="oc-37"/>
      </symbol>
      <symbol id="sm-374">
         <name>__aeabi_memcpy4</name>
         <value>0x12f1</value>
         <object_component_ref idref="oc-37"/>
      </symbol>
      <symbol id="sm-39d">
         <name>__TI_auto_init_nobinit_nopinit</name>
         <value>0x146d</value>
         <object_component_ref idref="oc-13b"/>
      </symbol>
      <symbol id="sm-3a7">
         <name>_system_pre_init</name>
         <value>0x1545</value>
         <object_component_ref idref="oc-bb"/>
      </symbol>
      <symbol id="sm-3b8">
         <name>_sys_memory</name>
         <value>0x20000000</value>
         <object_component_ref idref="oc-29"/>
      </symbol>
      <symbol id="sm-3c8">
         <name>__TI_static_base__</name>
         <value>0x0</value>
      </symbol>
      <symbol id="sm-3cb">
         <name>__mpu_init</name>
         <value>0x0</value>
      </symbol>
      <symbol id="sm-3cc">
         <name>_system_post_cinit</name>
         <value>0x0</value>
      </symbol>
      <symbol id="sm-3cd">
         <name>NMI_Handler</name>
         <value>0x1543</value>
      </symbol>
      <symbol id="sm-3ce">
         <name>HardFault_Handler</name>
         <value>0x1543</value>
      </symbol>
      <symbol id="sm-3cf">
         <name>MemManage_Handler</name>
         <value>0x1543</value>
      </symbol>
      <symbol id="sm-3d0">
         <name>BusFault_Handler</name>
         <value>0x1543</value>
      </symbol>
      <symbol id="sm-3d1">
         <name>UsageFault_Handler</name>
         <value>0x1543</value>
      </symbol>
      <symbol id="sm-3d2">
         <name>SVC_Handler</name>
         <value>0x1543</value>
      </symbol>
      <symbol id="sm-3d3">
         <name>DebugMon_Handler</name>
         <value>0x1543</value>
      </symbol>
      <symbol id="sm-3d4">
         <name>PendSV_Handler</name>
         <value>0x1543</value>
      </symbol>
      <symbol id="sm-3d5">
         <name>SysTick_Handler</name>
         <value>0x1543</value>
      </symbol>
      <symbol id="sm-3d6">
         <name>PSS_IRQHandler</name>
         <value>0x1543</value>
      </symbol>
      <symbol id="sm-3d7">
         <name>CS_IRQHandler</name>
         <value>0x1543</value>
      </symbol>
      <symbol id="sm-3d8">
         <name>PCM_IRQHandler</name>
         <value>0x1543</value>
      </symbol>
      <symbol id="sm-3d9">
         <name>WDT_A_IRQHandler</name>
         <value>0x1543</value>
      </symbol>
      <symbol id="sm-3da">
         <name>FPU_IRQHandler</name>
         <value>0x1543</value>
      </symbol>
      <symbol id="sm-3db">
         <name>FLCTL_IRQHandler</name>
         <value>0x1543</value>
      </symbol>
      <symbol id="sm-3dc">
         <name>COMP_E0_IRQHandler</name>
         <value>0x1543</value>
      </symbol>
      <symbol id="sm-3dd">
         <name>COMP_E1_IRQHandler</name>
         <value>0x1543</value>
      </symbol>
      <symbol id="sm-3de">
         <name>TA0_0_IRQHandler</name>
         <value>0x1217</value>
      </symbol>
      <symbol id="sm-3df">
         <name>TA0_N_IRQHandler</name>
         <value>0x1543</value>
      </symbol>
      <symbol id="sm-3e0">
         <name>TA1_0_IRQHandler</name>
         <value>0x1515</value>
      </symbol>
      <symbol id="sm-3e1">
         <name>TA1_N_IRQHandler</name>
         <value>0x1543</value>
      </symbol>
      <symbol id="sm-3e2">
         <name>TA2_0_IRQHandler</name>
         <value>0x12bb</value>
      </symbol>
      <symbol id="sm-3e3">
         <name>TA2_N_IRQHandler</name>
         <value>0x1543</value>
      </symbol>
      <symbol id="sm-3e4">
         <name>TA3_0_IRQHandler</name>
         <value>0x1501</value>
      </symbol>
      <symbol id="sm-3e5">
         <name>TA3_N_IRQHandler</name>
         <value>0x1503</value>
      </symbol>
      <symbol id="sm-3e6">
         <name>EUSCIA0_IRQHandler</name>
         <value>0x7a5</value>
      </symbol>
      <symbol id="sm-3e7">
         <name>EUSCIA1_IRQHandler</name>
         <value>0x1543</value>
      </symbol>
      <symbol id="sm-3e8">
         <name>EUSCIA2_IRQHandler</name>
         <value>0x1121</value>
      </symbol>
      <symbol id="sm-3e9">
         <name>EUSCIA3_IRQHandler</name>
         <value>0x1543</value>
      </symbol>
      <symbol id="sm-3ea">
         <name>EUSCIB0_IRQHandler</name>
         <value>0x1543</value>
      </symbol>
      <symbol id="sm-3eb">
         <name>EUSCIB1_IRQHandler</name>
         <value>0x1543</value>
      </symbol>
      <symbol id="sm-3ec">
         <name>EUSCIB2_IRQHandler</name>
         <value>0x1543</value>
      </symbol>
      <symbol id="sm-3ed">
         <name>EUSCIB3_IRQHandler</name>
         <value>0x1543</value>
      </symbol>
      <symbol id="sm-3ee">
         <name>ADC14_IRQHandler</name>
         <value>0x1543</value>
      </symbol>
      <symbol id="sm-3ef">
         <name>T32_INT1_IRQHandler</name>
         <value>0x2c1</value>
      </symbol>
      <symbol id="sm-3f0">
         <name>T32_INT2_IRQHandler</name>
         <value>0x1543</value>
      </symbol>
      <symbol id="sm-3f1">
         <name>T32_INTC_IRQHandler</name>
         <value>0x1543</value>
      </symbol>
      <symbol id="sm-3f2">
         <name>AES256_IRQHandler</name>
         <value>0x1543</value>
      </symbol>
      <symbol id="sm-3f3">
         <name>RTC_C_IRQHandler</name>
         <value>0x1543</value>
      </symbol>
      <symbol id="sm-3f4">
         <name>DMA_ERR_IRQHandler</name>
         <value>0x1543</value>
      </symbol>
      <symbol id="sm-3f5">
         <name>DMA_INT3_IRQHandler</name>
         <value>0x1543</value>
      </symbol>
      <symbol id="sm-3f6">
         <name>DMA_INT2_IRQHandler</name>
         <value>0x1543</value>
      </symbol>
      <symbol id="sm-3f7">
         <name>DMA_INT1_IRQHandler</name>
         <value>0x1543</value>
      </symbol>
      <symbol id="sm-3f8">
         <name>DMA_INT0_IRQHandler</name>
         <value>0x1543</value>
      </symbol>
      <symbol id="sm-3f9">
         <name>PORT1_IRQHandler</name>
         <value>0x1543</value>
      </symbol>
      <symbol id="sm-3fa">
         <name>PORT2_IRQHandler</name>
         <value>0x1543</value>
      </symbol>
      <symbol id="sm-3fb">
         <name>PORT3_IRQHandler</name>
         <value>0x1543</value>
      </symbol>
      <symbol id="sm-3fc">
         <name>PORT4_IRQHandler</name>
         <value>0x1543</value>
      </symbol>
      <symbol id="sm-3fd">
         <name>PORT5_IRQHandler</name>
         <value>0x1543</value>
      </symbol>
      <symbol id="sm-3fe">
         <name>PORT6_IRQHandler</name>
         <value>0x1543</value>
      </symbol>
   </symbol_table>
   <title>Link successful</title>
</link_info>
